 Image cognee-obsidian-deploy-sync Building 
#1 [internal] load local bake definitions
#1 reading from stdin 710B done
#1 DONE 0.0s

#2 [internal] load build definition from Dockerfile
#2 transferring dockerfile: 1.06kB done
#2 DONE 0.0s

#3 [internal] load metadata for docker.io/cognee/cognee:main
#3 DONE 0.0s

#4 [internal] load .dockerignore
#4 transferring context: 2B done
#4 DONE 0.0s

#5 [internal] load build context
#5 transferring context: 9.56kB done
#5 DONE 0.0s

#6 [1/4] FROM docker.io/cognee/cognee:main@sha256:b9c727a631222897f60de9d796190bbf0a33254afdb335a6638a2419dccc3101
#6 resolve docker.io/cognee/cognee:main@sha256:b9c727a631222897f60de9d796190bbf0a33254afdb335a6638a2419dccc3101 done
#6 extracting sha256:75782e20ea1f4a9d9259bc20a5ecbbea8d5943bf5370bf0f5727900728f1cc9a
#6 extracting sha256:75782e20ea1f4a9d9259bc20a5ecbbea8d5943bf5370bf0f5727900728f1cc9a 0.4s done
#6 DONE 0.4s

#6 [1/4] FROM docker.io/cognee/cognee:main@sha256:b9c727a631222897f60de9d796190bbf0a33254afdb335a6638a2419dccc3101
#6 extracting sha256:8662a60b808caf0f481c858e870db63699ac351820bd1577fb560dc553e72c38 0.1s done
#6 DONE 0.6s

#6 [1/4] FROM docker.io/cognee/cognee:main@sha256:b9c727a631222897f60de9d796190bbf0a33254afdb335a6638a2419dccc3101
#6 extracting sha256:4e1d2fc0dabb6394acabd86d1fd491fb5ed1dbec8818a32cd064357348bb1323
#6 extracting sha256:4e1d2fc0dabb6394acabd86d1fd491fb5ed1dbec8818a32cd064357348bb1323 0.2s done
#6 DONE 0.8s

#6 [1/4] FROM docker.io/cognee/cognee:main@sha256:b9c727a631222897f60de9d796190bbf0a33254afdb335a6638a2419dccc3101
#6 extracting sha256:2df4c82f5bdbf667d202cadaffe51eeee7b81febb397af587551022611d12740 done
#6 extracting sha256:a1df8a489f42fc7fa2730e1285fd2d6dfe0927c8a1d96cfc06c2ac995f29f32e 0.0s done
#6 extracting sha256:6bae77162eb69ed278a58af767519d15d6b3b3badbf78c13a91b4ca7dfe92057 done
#6 extracting sha256:fb2eeb6ea9c05aba367284e300bb41dbbbae4c0e787311b178ad16a018121dfe done
#6 extracting sha256:929243787499a51f8215ba2828fb4cf51afa3e86e163d8691107765ec4e302e5
#6 extracting sha256:929243787499a51f8215ba2828fb4cf51afa3e86e163d8691107765ec4e302e5 10.1s done
#6 DONE 11.0s

#6 [1/4] FROM docker.io/cognee/cognee:main@sha256:b9c727a631222897f60de9d796190bbf0a33254afdb335a6638a2419dccc3101
#6 extracting sha256:a0e78335316015af504bbf747bc7eebd4f6c7e79195d3e561cd5eeda2e7bda8b 0.0s done
#6 extracting sha256:7ca3f898e2ade260ccee316511020bcc64873696897f53f98dc3d1a6f65caa16 done
#6 DONE 11.0s

#7 [2/4] RUN /app/.venv/bin/python -m ensurepip --upgrade >/dev/null 2>&1 || true  && /app/.venv/bin/python -m pip install --no-cache-dir --no-deps       "https://github.com/i-ralic/cognee-community/archive/refs/heads/feat/obsidian-connector.tar.gz#subdirectory=packages/connector/obsidian"  && /app/.venv/bin/python -c "import yaml, dlt, cognee_community_connector_obsidian"
#7 1.701 Collecting https://github.com/i-ralic/cognee-community/archive/refs/heads/feat/obsidian-connector.tar.gz#subdirectory=packages/connector/obsidian
#7 2.861   Downloading https://github.com/i-ralic/cognee-community/archive/refs/heads/feat/obsidian-connector.tar.gz
#7 6.131      \ 27.9 MB 8.7 MB/s 0:00:03
#7 6.876   Installing build dependencies: started
#7 8.478   Installing build dependencies: finished with status 'done'
#7 8.479   Getting requirements to build wheel: started
#7 8.516   Getting requirements to build wheel: finished with status 'done'
#7 8.516   Preparing metadata (pyproject.toml): started
#7 8.582   Preparing metadata (pyproject.toml): finished with status 'done'
#7 8.584 Building wheels for collected packages: cognee-community-connector-obsidian
#7 8.584   Building wheel for cognee-community-connector-obsidian (pyproject.toml): started
#7 8.600   Building wheel for cognee-community-connector-obsidian (pyproject.toml): finished with status 'done'
#7 8.600   Created wheel for cognee-community-connector-obsidian: filename=cognee_community_connector_obsidian-0.1.0-py3-none-any.whl size=14519 sha256=1bfeeadfe24a1925c4cb53b75a700cad6965d34dbf1bc6ce9744ee9ccc7f026f
#7 8.600   Stored in directory: /tmp/pip-ephem-wheel-cache-qc4wrv4y/wheels/26/f5/a6/96b315c5e7bbd4e712a795c8e4265ea4d3eae938024b20332f
#7 8.601 Successfully built cognee-community-connector-obsidian
#7 8.601 Installing collected packages: cognee-community-connector-obsidian
#7 8.615 Successfully installed cognee-community-connector-obsidian-0.1.0
#7 8.794 
#7 8.794 [notice] A new release of pip is available: 25.0.1 -> 26.2.1
#7 8.794 [notice] To update, run: pip3 install --upgrade pip
#7 9.196 
#7 9.196 [2m2026-10-05T20:31:53.525064[0m [[32m[1minfo     [0m] [1mLog file created at: /app/.cognee/logs/2026-10-05_20-31-53.log[0m [[0m[1m[34mcognee.shared.logging_utils[0m][0m [36mlog_file[0m=[35m/app/.cognee/logs/2026-10-05_20-31-53.log[0m
#7 9.196 
#7 9.196 [2m2026-10-05T20:31:53.525221[0m [[33m[1mwarning  [0m] [1mCognee 1.0 changes: New API — remember/recall/forget/improve (V1 add/cognify/search still work). Session memory enabled by default (CACHING=false to disable). Multi-user access control on by default (ENABLE_BACKEND_ACCESS_CONTROL=false to disable). Agents (@cognee.agent) auto-verified on registration. See https://docs.cognee.ai/[0m [[0m[1m[34mcognee.shared.logging_utils[0m][0m
#7 9.197 
#7 9.197 [2m2026-10-05T20:31:53.525308[0m [[32m[1minfo     [0m] [1mLogging initialized           [0m [[0m[1m[34mcognee.shared.logging_utils[0m][0m [36mcognee_version[0m=[35m1.6.2-local[0m [36mdatabase_path[0m=[35m/cognee-storage/system/databases[0m [36mos_info[0m=[35m'Linux 7.0.0-34-generic (#34-Ubuntu SMP PREEMPT_DYNAMIC Wed Sep  2 14:34:54 UTC 2026)'[0m [36mpython_version[0m=[35m3.12.14[0m [36mstructlog_version[0m=[35m25.5.0[0m
#7 9.197 
#7 9.197 [2m2026-10-05T20:31:53.525372[0m [[32m[1minfo     [0m] [1mDatabase storage: /cognee-storage/system/databases[0m [[0m[1m[34mcognee.shared.logging_utils[0m][0m
#7 9.197 
#7 9.197 [2m2026-10-05T20:31:53.525415[0m [[32m[1minfo     [0m] [1mNo .env file found; using process environment variables only.[0m [[0m[1m[34mcognee.shared.logging_utils[0m][0m
#7 10.53 
#7 10.53 [2m2026-10-05T20:31:54.862656[0m [[32m[1minfo     [0m] [1mauth posture: authentication=required, multi_tenant=enabled (default (no env vars set))[0m [[0m[1m[34mget_authenticated_user[0m][0m
#7 DONE 11.4s

#8 [3/4] COPY sync.py healthcheck.py link_edges.py /app/sync/
#8 DONE 0.0s

#9 [4/4] RUN chown -R cognee:cognee /app/sync
#9 DONE 0.1s

#10 exporting to image
#10 exporting layers
#10 exporting layers 0.4s done
#10 exporting manifest sha256:33908991da2353c6c0050ee56188e0d51d22546298460d65b54afcea2d69e726 done
#10 exporting config sha256:6fa558d65f749f1a38cd9ac33845188beb7a072fd8b01bfbbec7a93d81bf6e4a done
#10 exporting attestation manifest sha256:3711a7f98d5c728e405707959f056d6e848ac38aabcce0cd2ca2c71888268fe7 done
#10 exporting manifest list sha256:acdfce9033d58d80ff42b2e2bfeff9efb4c697c052fc09078fb1d07d5971204f done
#10 naming to docker.io/library/cognee-obsidian-deploy-sync:latest done
#10 unpacking to docker.io/library/cognee-obsidian-deploy-sync:latest 0.1s done
#10 DONE 0.5s

#11 resolving provenance for metadata file
#11 DONE 0.0s
 Image cognee-obsidian-deploy-sync Built 
BUILD_RC=0
 Network cognee-obsidian-deploy_default Creating 
 Network cognee-obsidian-deploy_default Created 
time="2026-10-05T13:31:56-07:00" level=warning msg="volume \"cognee-obsidian-deploy_cognee_storage\" already exists but was not created by Docker Compose. Use `external: true` to use an existing volume"
 Volume cognee-obsidian-deploy_pg_data Creating 
 Volume cognee-obsidian-deploy_pg_data Created 
 Container cognee-obsidian-deploy-postgres-1 Creating 
 Container cognee-obsidian-deploy-postgres-1 Created 
 Container cognee-obsidian-deploy-api-1 Creating 
 Container cognee-obsidian-deploy-api-1 Created 
 Container cognee-obsidian-deploy-postgres-1 Starting 
 Container cognee-obsidian-deploy-postgres-1 Started 
 Container cognee-obsidian-deploy-postgres-1 Waiting 
 Container cognee-obsidian-deploy-postgres-1 Healthy 
 Container cognee-obsidian-deploy-api-1 Starting 
 Container cognee-obsidian-deploy-api-1 Started 
UP_RC=0
